[plainswipe.local/index.html]
[backblue.gif]
[fade.gif]
[index.html]
[plainswipe.local/wp-includes/css/dist/block-library/style.min3781.css]
[plainswipe.local/comments/feed/index.html]
[plainswipe.local/feed/index.html]
[plainswipe.local/wp-includes/css/classic-themes.min3781.css]
[plainswipe.local/wp-content/themes/neve/style-main-new.mina3dd.css]
[plainswipe.local/wp-includes/js/jquery/jquery.min5aed.js]
[plainswipe.local/wp-includes/js/jquery/jquery-migrate.min6b00.js]
[plainswipe.local/wp-content/plugins/wpzoom-video-popup-block/dist/scripts/frontend13c4.js]
[plainswipe.local/xmlrpc0db0.php]
[plainswipe.local/wp-includes/wlwmanifest.xml]
[plainswipe.local/wp-json/index.html]
[plainswipe.local/wp-content/uploads/2020/01/neve-web-design-bg-15.jpg]
[plainswipe.local/15c42-web-agency-gb-contact-us/index.html]
[plainswipe.local/wp-content/uploads/2020/01/neve-web-design-bg-14.jpg]
[plainswipe.local/hello-world/index.html]
[plainswipe.local/author/rohitkumar/index.html]
[plainswipe.local/wp-content/uploads/2020/01/neve-web-design-bg-13.jpg]
[plainswipe.local/knowing-your-user-the-importance-of-user-research/index.html]
[plainswipe.local/best-calligraphy-fonts-for-logos/index.html]
[plainswipe.local/index.html]
[plainswipe.local/wp-includes/css/dist/block-library/style.min3781.css]
[plainswipe.local/wp-includes/css/classic-themes.min3781.css]
[plainswipe.local/wp-content/themes/neve/style-main-new.mina3dd.css]
[plainswipe.local/wp-includes/js/jquery/jquery.min5aed.js]
[plainswipe.local/wp-includes/js/jquery/jquery-migrate.min6b00.js]
[plainswipe.local/wp-content/plugins/wpzoom-video-popup-block/dist/scripts/frontend13c4.js]
[plainswipe.local/web-design-trends-for-2022/index.html]
[plainswipe.local/hello-world-2/index.html]
[plainswipe.local/15c42-web-agency-gb-portfolio/index.html]
[plainswipe.local/wp-json/wp/v2/pages/75.json]
[plainswipe.local/wp-json/oembed/1.0/embed32e7.json]
[plainswipe.local/wp-content/uploads/2021/06/phone-sm.png]
[plainswipe.local/wp-content/uploads/2021/06/email-sm.png]
[plainswipe.local/wp-content/uploads/2021/06/location-sm.png]
[plainswipe.local/15c42-web-agency-gb-contact-us/index.html]
[plainswipe.local/wp-json/wp/v2/posts/1.json]
[plainswipe.local/wp-json/oembed/1.0/embed65bc.json]
[plainswipe.local/hello-world/feed/index.html]
[plainswipe.local/wp-json/oembed/1.0/embedfb0e]
[plainswipe.local/wp-includes/js/comment-reply.min3781.js]
[plainswipe.local/hello-world/index.html]
[plainswipe.local/wp-json/wp/v2/users/1.json]
[plainswipe.local/hello-world/index6809.html]
[plainswipe.local/author/rohitkumar/index.html]
[plainswipe.local/author/rohitkumar/feed/index.html]
[plainswipe.local/what-is-the-progressive-web-app-pwa-and-how-it-works/index.html]
[plainswipe.local/wp-json/wp/v2/posts/352.json]
[plainswipe.local/knowing-your-user-the-importance-of-user-research/feed/index.html]
[plainswipe.local/wp-json/oembed/1.0/embede7da.json]
[plainswipe.local/wp-json/oembed/1.0/embeda27d]
[plainswipe.local/knowing-your-user-the-importance-of-user-research/index.html]
[plainswipe.local/wp-json/wp/v2/posts/350.json]
[plainswipe.local/best-calligraphy-fonts-for-logos/feed/index.html]
[plainswipe.local/wp-json/oembed/1.0/embedba8a]
[plainswipe.local/best-calligraphy-fonts-for-logos/index.html]
[plainswipe.local/wp-content/uploads/2020/01/neve-web-design-bg-09.jpg]
[plainswipe.local/a-simple-guide-to-design-thinking/index.html]
[plainswipe.local/web-design-trends-for-2022/feed/index.html]
[plainswipe.local/wp-json/oembed/1.0/embedb5b6.json]
[plainswipe.local/web-design-trends-for-2022/index.html]
[plainswipe.local/wp-content/uploads/2020/01/neve-web-design-bg-10.jpg]
[plainswipe.local/wp-json/oembed/1.0/embed8926]
[plainswipe.local/wp-json/wp/v2/posts/306.json]
[plainswipe.local/hello-world-2/index.html]
[plainswipe.local/wp-json/oembed/1.0/embedb4cb]
[plainswipe.local/wp-content/uploads/2023/05/cropped-cropped-logo-1.png]
[plainswipe.local/wp-content/themes/neve/assets/js/build/modern/frontenda3dd.js]
[plainswipe.local/wp-json/wp/v2/pages/69.json]
[plainswipe.local/wp-json/oembed/1.0/embed4440.json]
[plainswipe.local/wp-json/oembed/1.0/embedd481]
[plainswipe.local/wp-content/uploads/2023/05/kblocks_prebuilt_40_support_1-min-1024x730-1.png]
[plainswipe.local/wp-content/uploads/2023/05/TrainingMarketplace.png]
[plainswipe.local/wp-content/uploads/2023/05/SSImageSearch-1024x463.png]
[plainswipe.local/wp-content/uploads/2023/05/image-1024x853.png]
[plainswipe.local/wp-content/uploads/2020/12/neve-web-design-studio-03.1.jpg]
[plainswipe.local/15c42-web-agency-gb-portfolio/index.html]
[plainswipe.local/indexe839.html]
[plainswipe.local/xmlrpc.php]
[plainswipe.local/hello-world/index6809.html]
[plainswipe.local/wp-includes/js/comment-reply.min3781.js]
[plainswipe.local/wp-json/oembed/1.0/embed7f6b]
[plainswipe.local/what-is-the-progressive-web-app-pwa-and-how-it-works/feed/index.html]
[plainswipe.local/wp-json/wp/v2/posts/353.json]
[plainswipe.local/wp-json/oembed/1.0/embedb7ec.json]
[plainswipe.local/what-is-the-progressive-web-app-pwa-and-how-it-works/index.html]
[plainswipe.local/index8fec.html]
[plainswipe.local/index8fbb.html]
[plainswipe.local/a-simple-guide-to-design-thinking/feed/index.html]
[plainswipe.local/wp-json/oembed/1.0/embed2569]
[plainswipe.local/wp-json/wp/v2/posts/312.json]
[plainswipe.local/a-simple-guide-to-design-thinking/index.html]
[plainswipe.local/wp-json/oembed/1.0/embed57e3.json]
[plainswipe.local/index2e31.html]
[plainswipe.local/hello-world-2/feed/index.html]
[plainswipe.local/wp-content/uploads/2020/01/neve-web-design-bg-12.jpg]
[plainswipe.local/POST]
[plainswipe.local/wp-content/themes/neve/assets/js/build/modern/frontenda3dd.js]
[plainswipe.local/indexe2dc.html]
[plainswipe.local/wp-json/oembed/1.0/embed4f16]
[plainswipe.local/indexcff1.html]
[plainswipe.local/indexbc6e.html]
[plainswipe.local/index8844.html]
[plainswipe.local/wp-content/uploads/2023/05/optometrist-eye-specialist-prescription-pad-template-in-ms-word.jpeg]
[plainswipe.local/meetingmagnet/index.html]
[plainswipe.local/wp-json/oembed/1.0/embedc3e2]
[plainswipe.local/wp-json/oembed/1.0/embed0ee7]
[plainswipe.local/indexf167.html]
[plainswipe.local/POST.html]
[plainswipe.local/wp-json/wp/v2/posts/311]
[plainswipe.local/wp-json/wp/v2/pages/433.json]
[plainswipe.local/wp-json/oembed/1.0/embed6109.json]
[plainswipe.local/wp-json/oembed/1.0/embed8da8]
[plainswipe.local/wp-content/uploads/2023/05/image-4-150x150.png]
[plainswipe.local/wp-content/uploads/2023/05/image-5-484x1024.png]
[plainswipe.local/wp-content/uploads/2023/05/image-8-484x1024.png]
[plainswipe.local/wp-content/uploads/2023/05/image-9-484x1024.png]
[plainswipe.local/wp-content/uploads/2023/05/image-10-518x1024.png]
[plainswipe.local/wp-content/uploads/2023/05/image-11-1024x454.png]
[plainswipe.local/wp-content/uploads/2023/05/image-13.png]
[plainswipe.local/meetingmagnet/index.html]
[plainswipe.local/index1557.html]
[plainswipe.local/wp-content/plugins/otter-blocks/build/blocks/advanced-columns/style702d.css]
[plainswipe.local/wp-content/uploads/2023/05/image-1-150x150.png]
[plainswipe.local/wp-content/plugins/otter-blocks/build/blocks/advanced-columns/style702d.css]
[plainswipe.local/wp-content/uploads/2023/05/image-2-1024x334.png]
